[
    "success",
    "reset",
    "success",
    "failure",
    "reset",
    "failure"
]
